// Jest Snapshot v1, https://goo.gl/fbAQLP

exports[`CodexList matches snapshot 1`] = `
<DocumentFragment>
  <section>
    <span
      class="text-slate-400"
    >
       / Teothe
    </span>
    <span>
       / Codex
    </span>
    <div
      class="ant-card w-full css-dev-only-do-not-override-1xg9z9n"
    >
      <div
        class="ant-card-body"
      >
        <section>
          <h1
            class="ant-typography css-dev-only-do-not-override-1xg9z9n"
            data-testid="simplecon-title"
            id="codex"
          >
            Codex
          </h1>
          <div
            data-testid="simplecon-paragraph"
          >
            <p
              class="mb-2"
            >
              Dive into rich lore, uncover immersive stories, and get exclusive gameplay tips that deepen your understanding of the realm. Whether you're looking for the latest news, detailed character arcs, or behind-the-scenes fantasy worldbuilding, the Codex is where every path begins.
            </p>
            <p
              class="mb-2"
            >
              Stay updated with developer insights, strategy breakdowns, and curated Teothe articles; all crafted to enhance your journey through its evolving universe.
            </p>
          </div>
        </section>
        <div
          class="ant-divider css-dev-only-do-not-override-1xg9z9n ant-divider-horizontal"
          role="separator"
        />
        <ul>
          <li
            data-testid="codex-entry"
          >
            Post 1
          </li>
          <li
            data-testid="codex-entry"
          >
            Post 2
          </li>
        </ul>
      </div>
    </div>
  </section>
</DocumentFragment>
`;
